// Jest Snapshot v1, https://goo.gl/fbAQLP

exports[`PlanSettings PlanSettings snapshot 1`] = `
<View
  style={
    Object {
      "flex": 1,
    }
  }
>
  <UNDEFINED
    subTitle="5-10 минут в день"
    title="Новичёк"
  />
  <UNDEFINED
    subTitle="10-20 минут в день"
    title="Продолжающий"
  />
  <UNDEFINED
    subTitle="15-30 минут в день"
    title="Продвинутый"
  />
  <View
    style={
      Object {
        "alignItems": "center",
      }
    }
  >
    <NextButton
      onPress={[Function]}
      title="Cледующие"
    />
  </View>
</View>
`;
