// Jest Snapshot v1, https://goo.gl/fbAQLP

exports[`ItemComponent ItemComponent snapshot 1`] = `
<View
  style={
    Object {
      "backgroundColor": "#ffffff",
      "borderRadius": 3,
      "flexDirection": "row",
      "height": 70,
      "marginBottom": 5,
      "width": "100%",
    }
  }
>
  <View
    style={
      Object {
        "flex": 0.75,
        "justifyContent": "center",
      }
    }
  >
    <Text
      style={
        Object {
          "color": "#000000",
          "fontSize": 20,
          "fontWeight": "bold",
          "paddingLeft": 20,
        }
      }
    />
  </View>
  <View
    style={
      Object {
        "alignItems": "center",
        "flex": 0.25,
        "justifyContent": "center",
      }
    }
  >
    <View
      style={
        Object {
          "alignItems": "center",
          "borderColor": "#08DBA5",
          "borderRadius": 50,
          "borderWidth": 4,
          "height": 50,
          "justifyContent": "center",
          "width": 50,
        }
      }
    >
      <Text
        style={
          Object {
            "color": "#000000",
            "fontSize": 15,
          }
        }
      />
    </View>
  </View>
</View>
`;
