// Jest Snapshot v1, https://goo.gl/fbAQLP

exports[`SliderComponent SliderComponent snapshot 1`] = `
<View
  style={
    Object {
      "borderRadius": 10,
      "justifyContent": "center",
      "margin": 10,
      "marginLeft": 20,
      "marginRight": 20,
      "width": 320,
    }
  }
>
  <Image
    style={
      Object {
        "borderRadius": 10,
        "height": "100%",
        "width": "100%",
      }
    }
  />
</View>
`;
