// Jest Snapshot v1, https://goo.gl/fbAQLP

exports[`ProfileScreen ProfileScreen snapshot 1`] = `
<View
  style={
    Object {
      "backgroundColor": "#0F2635",
      "flex": 1,
    }
  }
>
  <View
    style={
      Object {
        "borderBottomColor": "grey",
        "borderBottomWidth": 3,
        "height": 50,
        "width": "100%",
      }
    }
  >
    <Text
      style={
        Object {
          "color": "#ffffff",
          "fontSize": 25,
          "paddingStart": 10,
          "paddingTop": 5,
        }
      }
    >
      ME
    </Text>
  </View>
  <ScrollViewMock>
    <CodeBlock
      header="Warm up"
      list={
        Array [
          Object {
            "header": "Reminder",
            "icon": "md-alarm",
            "screen": "Reminder",
            "time": "21:00",
          },
          Object {
            "header": "Countdown",
            "icon": "ios-sync",
            "screen": "Timer",
            "time": "10 сек",
          },
          Object {
            "header": "Training rest",
            "icon": "md-cafe",
            "screen": "Relaxation",
            "time": "10 сек",
          },
          Object {
            "header": "Sound settings",
            "icon": "md-volume-high",
            "screen": "Sound",
            "time": null,
          },
        ]
      }
    />
    <CodeBlock
      header="General Settings"
      list={
        Array [
          Object {
            "header": "Synchronization with Google",
            "icon": "ios-heart",
            "screen": "ProfileScreen",
            "time": null,
          },
          Object {
            "header": "Health data",
            "icon": "ios-medkit",
            "screen": "Health",
            "time": null,
          },
          Object {
            "header": "Metric units",
            "icon": "ios-appstore",
            "screen": "Measuring",
            "time": null,
          },
          Object {
            "header": "Choose language",
            "icon": "ios-globe",
            "screen": "Language",
            "time": null,
          },
          Object {
            "header": "Reset results",
            "icon": "ios-refresh",
            "screen": "ProfileScreen",
            "time": null,
          },
        ]
      }
    />
    <CodeBlock
      header="Sound Options"
      list={
        Array [
          Object {
            "header": "Speech test",
            "icon": "ios-heart",
            "screen": "ProfileScreen",
            "time": null,
          },
          Object {
            "header": "Choose speech synthesizer TTS",
            "icon": "md-settings",
            "screen": "ProfileScreen",
            "time": null,
          },
          Object {
            "header": "Download speech synthesizer TTS",
            "icon": "md-download",
            "screen": "ProfileScreen",
            "time": null,
          },
          Object {
            "header": "Sound language",
            "icon": "ios-mic",
            "screen": "ProfileScreen",
            "time": null,
          },
          Object {
            "header": "Download more speech synthesizer",
            "icon": "ios-code-download",
            "screen": "ProfileScreen",
            "time": null,
          },
          Object {
            "header": "TTS Device settings",
            "icon": "ios-options",
            "screen": "ProfileScreen",
            "time": null,
          },
        ]
      }
    />
    <CodeBlock
      header="Support us"
      list={
        Array [
          Object {
            "header": "Share with friends",
            "icon": "md-share",
            "screen": "ProfileScreen",
            "time": null,
          },
          Object {
            "header": "Rate us",
            "icon": "md-checkbox",
            "screen": "ProfileScreen",
            "time": null,
          },
          Object {
            "header": "Feedback",
            "icon": "ios-paper-plane",
            "screen": "ProfileScreen",
            "time": null,
          },
          Object {
            "header": "Privacy policy",
            "icon": "ios-eye",
            "screen": "Policy",
            "time": null,
          },
        ]
      }
    />
  </ScrollViewMock>
</View>
`;
