// Jest Snapshot v1, https://goo.gl/fbAQLP

exports[`KneesProblems KneesProblems snapshot 1`] = `
<ImageBackground
  source={
    Object {
      "testUri": "../../../app/src/img/splashScreen1.jpeg",
    }
  }
  style={
    Object {
      "height": "100%",
      "width": "100%",
    }
  }
>
  <Header
    header="Do you have a problems with knees?"
    subHeader="Choose a workout according to your condition"
  />
  <View
    style={
      Object {
        "flex": 1,
      }
    }
  >
    <ChoosePlan
      title="I am OK"
    />
    <ChoosePlan
      title="Without jumping"
    />
    <ChoosePlan
      title="Low impact"
    />
    <View
      style={
        Object {
          "alignItems": "center",
        }
      }
    >
      <NextButton
        onPress={[Function]}
        title="Next"
      />
    </View>
  </View>
</ImageBackground>
`;
