// Jest Snapshot v1, https://goo.gl/fbAQLP

exports[`OwnBtn OwnBtn snapshot 1`] = `
<View
  style={
    Object {
      "alignItems": "center",
      "flex": 0.3,
      "flexDirection": "row",
      "justifyContent": "space-around",
    }
  }
>
  <TouchableOpacity
    activeOpacity={0.2}
    onPress={[Function]}
  >
    <Text
      style={
        Object {
          "color": "#08DBA5",
        }
      }
    />
  </TouchableOpacity>
</View>
`;
