// Jest Snapshot v1, https://goo.gl/fbAQLP

exports[`PlanSettings PlanSettings snapshot 1`] = `
<View
  style={
    Object {
      "flex": 1,
    }
  }
>
  <ChoosePlan
    title="I am OK"
  />
  <ChoosePlan
    title="Without jumping"
  />
  <ChoosePlan
    title="Low impact"
  />
  <View
    style={
      Object {
        "alignItems": "center",
      }
    }
  >
    <NextButton
      onPress={[Function]}
      title="Next"
    />
  </View>
</View>
`;
