// Jest Snapshot v1, https://goo.gl/fbAQLP

exports[`MainScreen MainScreen snapshot 1`] = `
<View
  style={
    Object {
      "backgroundColor": "#0F2635",
      "flex": 1,
    }
  }
>
  <View
    style={
      Object {
        "flex": 0.1,
        "flexDirection": "row",
      }
    }
  >
    <View
      style={
        Object {
          "flex": 0.6,
          "justifyContent": "center",
        }
      }
    >
      <Text
        style={
          Object {
            "color": "#ffffff",
            "fontSize": 20,
            "fontWeight": "bold",
            "paddingLeft": 20,
          }
        }
      >
        СБРОСИТЬ ВЕС
      </Text>
    </View>
    <View
      style={
        Object {
          "alignItems": "center",
          "flex": 0.2,
          "justifyContent": "center",
        }
      }
    >
      <TouchableOpacity
        activeOpacity={0.2}
      >
        <IconComponent
          name="weather-lightning"
        />
      </TouchableOpacity>
    </View>
    <View
      style={
        Object {
          "alignItems": "center",
          "flex": 0.2,
          "justifyContent": "center",
        }
      }
    >
      <TouchableOpacity
        activeOpacity={0.2}
      >
        <IconComponent
          name="lighthouse"
        />
      </TouchableOpacity>
    </View>
  </View>
  <ScrollViewMock
    style={
      Object {
        "flex": 0.9,
      }
    }
  >
    <View>
      <View
        style={
          Object {
            "flex": 0.35,
          }
        }
      >
        <ScrollViewMock
          horizontal={true}
          style={
            Object {
              "height": 200,
              "width": "100%",
            }
          }
        >
          <SliderComponent
            source={
              Object {
                "testUri": "../../../app/src/img/car.jpeg",
              }
            }
          />
          <SliderComponent
            source={
              Object {
                "testUri": "../../../app/src/img/car2.jpeg",
              }
            }
          />
        </ScrollViewMock>
      </View>
      <React.Fragment>
        <Header
          header="НЕДЕЛЯ 1"
        />
        <MenuItems
          title={
            Array [
              Object {
                "text": "1 - й День",
              },
              Object {
                "text": "2 - й День",
              },
              Object {
                "text": "3 - й День",
              },
              Object {
                "text": "4 - й День",
              },
              Object {
                "text": "5 - й День",
              },
              Object {
                "text": "6 - й День",
              },
              Object {
                "text": "7 - й День",
              },
            ]
          }
        />
      </React.Fragment>
      <React.Fragment>
        <Header
          header="НЕДЕЛЯ 2"
        />
        <MenuItems
          title={
            Array [
              Object {
                "text": "1 - й День",
              },
              Object {
                "text": "2 - й День",
              },
              Object {
                "text": "3 - й День",
              },
              Object {
                "text": "4 - й День",
              },
              Object {
                "text": "5 - й День",
              },
              Object {
                "text": "6 - й День",
              },
              Object {
                "text": "7 - й День",
              },
            ]
          }
        />
      </React.Fragment>
      <React.Fragment>
        <Header
          header="НЕДЕЛЯ 3"
        />
        <MenuItems
          title={
            Array [
              Object {
                "text": "1 - й День",
              },
              Object {
                "text": "2 - й День",
              },
              Object {
                "text": "3 - й День",
              },
              Object {
                "text": "4 - й День",
              },
              Object {
                "text": "5 - й День",
              },
              Object {
                "text": "6 - й День",
              },
              Object {
                "text": "7 - й День",
              },
            ]
          }
        />
      </React.Fragment>
      <React.Fragment>
        <Header
          header="НЕДЕЛЯ 4"
        />
        <MenuItems
          title={
            Array [
              Object {
                "text": "1 - й День",
              },
              Object {
                "text": "2 - й День",
              },
              Object {
                "text": "3 - й День",
              },
              Object {
                "text": "4 - й День",
              },
              Object {
                "text": "5 - й День",
              },
              Object {
                "text": "6 - й День",
              },
              Object {
                "text": "7 - й День",
              },
            ]
          }
        />
      </React.Fragment>
    </View>
  </ScrollViewMock>
</View>
`;
