// Jest Snapshot v1, https://goo.gl/fbAQLP

exports[`PlanSelection PlanSelection snapshot 1`] = `
<ImageBackground
  source={
    Object {
      "testUri": "../../../app/src/img/splashScreen1.jpeg",
    }
  }
  style={
    Object {
      "height": "100%",
      "width": "100%",
    }
  }
>
  <Header
    header="Выберите Свой План"
    subHeader="Lose weight with an optimal workout plan"
  />
  <View
    style={
      Object {
        "flex": 1,
      }
    }
  >
    <ChoosePlan
      subTitle="5-10 минут в день"
      title="Newbie"
    />
    <ChoosePlan
      subTitle="10-20 минут в день"
      title="Continuing"
    />
    <ChoosePlan
      subTitle="15-30 минут в день"
      title="Advanced"
    />
    <View
      style={
        Object {
          "alignItems": "center",
        }
      }
    >
      <NextButton
        onPress={[Function]}
        title="Next"
      />
    </View>
  </View>
</ImageBackground>
`;
